2026-02-13 21:12:26,611 - app.main - INFO - 启动智能物资采购系统 v0.1.0
2026-02-13 21:12:26,611 - app.main - INFO - 调试模式: True
2026-02-13 21:12:26,611 - app.main - INFO - 数据库初始化已禁用，使用Alembic迁移
2026-02-13 21:12:48,181 - sqlalchemy.engine.Engine - INFO - select pg_catalog.version()
2026-02-13 21:12:48,181 - sqlalchemy.engine.Engine - INFO - [raw sql] ()
2026-02-13 21:12:48,181 - sqlalchemy.engine.Engine - INFO - select current_schema()
2026-02-13 21:12:48,185 - sqlalchemy.engine.Engine - INFO - [raw sql] ()
2026-02-13 21:12:48,185 - sqlalchemy.engine.Engine - INFO - show standard_conforming_strings
2026-02-13 21:12:48,185 - sqlalchemy.engine.Engine - INFO - [raw sql] ()
2026-02-13 21:12:48,185 - sqlalchemy.engine.Engine - INFO - BEGIN (implicit)
2026-02-13 21:12:48,190 - sqlalchemy.engine.Engine - INFO - SELECT "user".username, "user".email, "user".hashed_password, "user".full_name, "user".phone, "user".avatar_url, "user".is_active, "user".is_verified, "user".last_login_at, "user".last_login_ip, "user".employee_id, "user".department, "user".position, "user".hire_date, "user".id, "user".created_at, "user".updated_at, "user".is_deleted, "user".deleted_at 
FROM "user" 
WHERE "user".username = $1::VARCHAR OR "user".email = $2::VARCHAR
2026-02-13 21:12:48,191 - sqlalchemy.engine.Engine - INFO - [generated in 0.00039s] ('admin', 'admin')
2026-02-13 21:12:48,196 - sqlalchemy.engine.Engine - INFO - SELECT user_1.id AS user_1_id, role.name AS role_name, role.description AS role_description, role.is_system AS role_is_system, role.id AS role_id, role.created_at AS role_created_at, role.updated_at AS role_updated_at, role.is_deleted AS role_is_deleted, role.deleted_at AS role_deleted_at 
FROM "user" AS user_1 JOIN user_role AS user_role_1 ON user_1.id = user_role_1.user_id JOIN role ON role.id = user_role_1.role_id 
WHERE user_1.id IN ($1::UUID)
2026-02-13 21:12:48,196 - sqlalchemy.engine.Engine - INFO - [generated in 0.00042s] (UUID('180896e3-49fb-435d-8343-c69736d7dc9c'),)
2026-02-13 21:12:48,201 - sqlalchemy.engine.Engine - INFO - SELECT role_1.id AS role_1_id, permission.code AS permission_code, permission.name AS permission_name, permission.description AS permission_description, permission.module AS permission_module, permission.id AS permission_id, permission.created_at AS permission_created_at, permission.updated_at AS permission_updated_at, permission.is_deleted AS permission_is_deleted, permission.deleted_at AS permission_deleted_at 
FROM role AS role_1 JOIN role_permission AS role_permission_1 ON role_1.id = role_permission_1.role_id JOIN permission ON permission.id = role_permission_1.permission_id 
WHERE role_1.id IN ($1::UUID)
2026-02-13 21:12:48,201 - sqlalchemy.engine.Engine - INFO - [generated in 0.00042s] (UUID('68ad22a0-4dc4-4264-bfdd-e0464f07defe'),)
2026-02-13 21:12:48,226 - sqlalchemy.engine.Engine - INFO - UPDATE "user" SET last_login_at=$1::TIMESTAMP WITHOUT TIME ZONE, updated_at=$2::TIMESTAMP WITHOUT TIME ZONE WHERE "user".id = $3::UUID
2026-02-13 21:12:48,226 - sqlalchemy.engine.Engine - INFO - [generated in 0.00045s] (datetime.datetime(2026, 2, 13, 13, 12, 48, 226624), datetime.datetime(2026, 2, 13, 13, 12, 48, 226624), UUID('180896e3-49fb-435d-8343-c69736d7dc9c'))
2026-02-13 21:12:48,226 - sqlalchemy.engine.Engine - INFO - COMMIT
2026-02-13 21:12:48,247 - sqlalchemy.engine.Engine - INFO - BEGIN (implicit)
2026-02-13 21:12:48,251 - sqlalchemy.engine.Engine - INFO - SELECT "user".username, "user".email, "user".hashed_password, "user".full_name, "user".phone, "user".avatar_url, "user".is_active, "user".is_verified, "user".last_login_at, "user".last_login_ip, "user".employee_id, "user".department, "user".position, "user".hire_date, "user".id, "user".created_at, "user".updated_at, "user".is_deleted, "user".deleted_at 
FROM "user" 
WHERE "user".id = $1::UUID
2026-02-13 21:12:48,251 - sqlalchemy.engine.Engine - INFO - [generated in 0.00043s] ('180896e3-49fb-435d-8343-c69736d7dc9c',)
2026-02-13 21:12:48,252 - sqlalchemy.engine.Engine - INFO - SELECT user_1.id AS user_1_id, role.name AS role_name, role.description AS role_description, role.is_system AS role_is_system, role.id AS role_id, role.created_at AS role_created_at, role.updated_at AS role_updated_at, role.is_deleted AS role_is_deleted, role.deleted_at AS role_deleted_at 
FROM "user" AS user_1 JOIN user_role AS user_role_1 ON user_1.id = user_role_1.user_id JOIN role ON role.id = user_role_1.role_id 
WHERE user_1.id IN ($1::UUID)
2026-02-13 21:12:48,252 - sqlalchemy.engine.Engine - INFO - [cached since 0.05784s ago] (UUID('180896e3-49fb-435d-8343-c69736d7dc9c'),)
2026-02-13 21:12:48,252 - sqlalchemy.engine.Engine - INFO - SELECT role_1.id AS role_1_id, permission.code AS permission_code, permission.name AS permission_name, permission.description AS permission_description, permission.module AS permission_module, permission.id AS permission_id, permission.created_at AS permission_created_at, permission.updated_at AS permission_updated_at, permission.is_deleted AS permission_is_deleted, permission.deleted_at AS permission_deleted_at 
FROM role AS role_1 JOIN role_permission AS role_permission_1 ON role_1.id = role_permission_1.role_id JOIN permission ON permission.id = role_permission_1.permission_id 
WHERE role_1.id IN ($1::UUID)
2026-02-13 21:12:48,252 - sqlalchemy.engine.Engine - INFO - [cached since 0.05411s ago] (UUID('68ad22a0-4dc4-4264-bfdd-e0464f07defe'),)
2026-02-13 21:12:48,252 - sqlalchemy.engine.Engine - INFO - COMMIT
2026-02-13 21:12:49,922 - sqlalchemy.engine.Engine - INFO - BEGIN (implicit)
2026-02-13 21:12:49,924 - sqlalchemy.engine.Engine - INFO - SELECT "user".username, "user".email, "user".hashed_password, "user".full_name, "user".phone, "user".avatar_url, "user".is_active, "user".is_verified, "user".last_login_at, "user".last_login_ip, "user".employee_id, "user".department, "user".position, "user".hire_date, "user".id, "user".created_at, "user".updated_at, "user".is_deleted, "user".deleted_at 
FROM "user" ORDER BY "user".created_at DESC 
 LIMIT $1::INTEGER OFFSET $2::INTEGER
2026-02-13 21:12:49,924 - sqlalchemy.engine.Engine - INFO - [generated in 0.00055s] (100, 0)
2026-02-13 21:12:49,927 - sqlalchemy.engine.Engine - INFO - SELECT user_1.id AS user_1_id, role.name AS role_name, role.description AS role_description, role.is_system AS role_is_system, role.id AS role_id, role.created_at AS role_created_at, role.updated_at AS role_updated_at, role.is_deleted AS role_is_deleted, role.deleted_at AS role_deleted_at 
FROM "user" AS user_1 JOIN user_role AS user_role_1 ON user_1.id = user_role_1.user_id JOIN role ON role.id = user_role_1.role_id 
WHERE user_1.id IN ($1::UUID, $2::UUID, $3::UUID, $4::UUID)
2026-02-13 21:12:49,929 - sqlalchemy.engine.Engine - INFO - [cached since 1.73s ago] (UUID('b700e723-2006-44d2-9a40-7bf9ab423644'), UUID('90260ab6-00ca-4753-a232-2443d8562aa4'), UUID('14e4a22b-8c74-4b4a-a5ca-af8bc30244f1'), UUID('180896e3-49fb-435d-8343-c69736d7dc9c'))
2026-02-13 21:12:49,931 - sqlalchemy.engine.Engine - INFO - SELECT role_1.id AS role_1_id, permission.code AS permission_code, permission.name AS permission_name, permission.description AS permission_description, permission.module AS permission_module, permission.id AS permission_id, permission.created_at AS permission_created_at, permission.updated_at AS permission_updated_at, permission.is_deleted AS permission_is_deleted, permission.deleted_at AS permission_deleted_at 
FROM role AS role_1 JOIN role_permission AS role_permission_1 ON role_1.id = role_permission_1.role_id JOIN permission ON permission.id = role_permission_1.permission_id 
WHERE role_1.id IN ($1::UUID)
2026-02-13 21:12:49,931 - sqlalchemy.engine.Engine - INFO - [cached since 1.728s ago] (UUID('68ad22a0-4dc4-4264-bfdd-e0464f07defe'),)
2026-02-13 21:12:50,011 - sqlalchemy.engine.Engine - INFO - COMMIT
2026-02-13 21:12:50,075 - sqlalchemy.engine.Engine - INFO - BEGIN (implicit)
2026-02-13 21:12:50,081 - sqlalchemy.engine.Engine - INFO - SELECT role.name, role.description, role.is_system, role.id, role.created_at, role.updated_at, role.is_deleted, role.deleted_at 
FROM role ORDER BY role.name
2026-02-13 21:12:50,081 - sqlalchemy.engine.Engine - INFO - [generated in 0.00048s] ()
2026-02-13 21:12:50,085 - sqlalchemy.engine.Engine - INFO - SELECT role_1.id AS role_1_id, "user".username AS user_username, "user".email AS user_email, "user".hashed_password AS user_hashed_password, "user".full_name AS user_full_name, "user".phone AS user_phone, "user".avatar_url AS user_avatar_url, "user".is_active AS user_is_active, "user".is_verified AS user_is_verified, "user".last_login_at AS user_last_login_at, "user".last_login_ip AS user_last_login_ip, "user".employee_id AS user_employee_id, "user".department AS user_department, "user".position AS user_position, "user".hire_date AS user_hire_date, "user".id AS user_id, "user".created_at AS user_created_at, "user".updated_at AS user_updated_at, "user".is_deleted AS user_is_deleted, "user".deleted_at AS user_deleted_at 
FROM role AS role_1 JOIN user_role AS user_role_1 ON role_1.id = user_role_1.role_id JOIN "user" ON "user".id = user_role_1.user_id 
WHERE role_1.id IN ($1::UUID, $2::UUID, $3::UUID)
2026-02-13 21:12:50,085 - sqlalchemy.engine.Engine - INFO - [generated in 0.00068s] (UUID('68ad22a0-4dc4-4264-bfdd-e0464f07defe'), UUID('1345abf6-d318-41e7-bcf1-1e06f4668f92'), UUID('8acac98e-ddaa-4579-a3a4-8958fe82d0a2'))
2026-02-13 21:12:50,098 - sqlalchemy.engine.Engine - INFO - SELECT role_1.id AS role_1_id, permission.code AS permission_code, permission.name AS permission_name, permission.description AS permission_description, permission.module AS permission_module, permission.id AS permission_id, permission.created_at AS permission_created_at, permission.updated_at AS permission_updated_at, permission.is_deleted AS permission_is_deleted, permission.deleted_at AS permission_deleted_at 
FROM role AS role_1 JOIN role_permission AS role_permission_1 ON role_1.id = role_permission_1.role_id JOIN permission ON permission.id = role_permission_1.permission_id 
WHERE role_1.id IN ($1::UUID, $2::UUID, $3::UUID)
2026-02-13 21:12:50,099 - sqlalchemy.engine.Engine - INFO - [generated in 0.00067s] (UUID('68ad22a0-4dc4-4264-bfdd-e0464f07defe'), UUID('1345abf6-d318-41e7-bcf1-1e06f4668f92'), UUID('8acac98e-ddaa-4579-a3a4-8958fe82d0a2'))
2026-02-13 21:12:50,105 - sqlalchemy.engine.Engine - INFO - COMMIT
2026-02-13 21:13:14,055 - sqlalchemy.engine.Engine - INFO - BEGIN (implicit)
2026-02-13 21:13:14,056 - sqlalchemy.engine.Engine - INFO - SELECT "user".username, "user".email, "user".hashed_password, "user".full_name, "user".phone, "user".avatar_url, "user".is_active, "user".is_verified, "user".last_login_at, "user".last_login_ip, "user".employee_id, "user".department, "user".position, "user".hire_date, "user".id, "user".created_at, "user".updated_at, "user".is_deleted, "user".deleted_at 
FROM "user" ORDER BY "user".created_at DESC 
 LIMIT $1::INTEGER OFFSET $2::INTEGER
2026-02-13 21:13:14,056 - sqlalchemy.engine.Engine - INFO - [cached since 24.13s ago] (100, 0)
2026-02-13 21:13:14,059 - sqlalchemy.engine.Engine - INFO - SELECT user_1.id AS user_1_id, role.name AS role_name, role.description AS role_description, role.is_system AS role_is_system, role.id AS role_id, role.created_at AS role_created_at, role.updated_at AS role_updated_at, role.is_deleted AS role_is_deleted, role.deleted_at AS role_deleted_at 
FROM "user" AS user_1 JOIN user_role AS user_role_1 ON user_1.id = user_role_1.user_id JOIN role ON role.id = user_role_1.role_id 
WHERE user_1.id IN ($1::UUID, $2::UUID, $3::UUID, $4::UUID)
2026-02-13 21:13:14,059 - sqlalchemy.engine.Engine - INFO - [cached since 25.86s ago] (UUID('b700e723-2006-44d2-9a40-7bf9ab423644'), UUID('90260ab6-00ca-4753-a232-2443d8562aa4'), UUID('14e4a22b-8c74-4b4a-a5ca-af8bc30244f1'), UUID('180896e3-49fb-435d-8343-c69736d7dc9c'))
2026-02-13 21:13:14,061 - sqlalchemy.engine.Engine - INFO - SELECT role_1.id AS role_1_id, permission.code AS permission_code, permission.name AS permission_name, permission.description AS permission_description, permission.module AS permission_module, permission.id AS permission_id, permission.created_at AS permission_created_at, permission.updated_at AS permission_updated_at, permission.is_deleted AS permission_is_deleted, permission.deleted_at AS permission_deleted_at 
FROM role AS role_1 JOIN role_permission AS role_permission_1 ON role_1.id = role_permission_1.role_id JOIN permission ON permission.id = role_permission_1.permission_id 
WHERE role_1.id IN ($1::UUID)
2026-02-13 21:13:14,061 - sqlalchemy.engine.Engine - INFO - [cached since 25.86s ago] (UUID('68ad22a0-4dc4-4264-bfdd-e0464f07defe'),)
2026-02-13 21:13:14,064 - sqlalchemy.engine.Engine - INFO - COMMIT
2026-02-13 21:13:20,818 - sqlalchemy.engine.Engine - INFO - BEGIN (implicit)
2026-02-13 21:13:20,818 - sqlalchemy.engine.Engine - INFO - SELECT "user".username, "user".email, "user".hashed_password, "user".full_name, "user".phone, "user".avatar_url, "user".is_active, "user".is_verified, "user".last_login_at, "user".last_login_ip, "user".employee_id, "user".department, "user".position, "user".hire_date, "user".id, "user".created_at, "user".updated_at, "user".is_deleted, "user".deleted_at 
FROM "user" ORDER BY "user".created_at DESC 
 LIMIT $1::INTEGER OFFSET $2::INTEGER
2026-02-13 21:13:20,818 - sqlalchemy.engine.Engine - INFO - [cached since 30.89s ago] (100, 0)
2026-02-13 21:13:20,820 - sqlalchemy.engine.Engine - INFO - SELECT user_1.id AS user_1_id, role.name AS role_name, role.description AS role_description, role.is_system AS role_is_system, role.id AS role_id, role.created_at AS role_created_at, role.updated_at AS role_updated_at, role.is_deleted AS role_is_deleted, role.deleted_at AS role_deleted_at 
FROM "user" AS user_1 JOIN user_role AS user_role_1 ON user_1.id = user_role_1.user_id JOIN role ON role.id = user_role_1.role_id 
WHERE user_1.id IN ($1::UUID, $2::UUID, $3::UUID, $4::UUID)
2026-02-13 21:13:20,821 - sqlalchemy.engine.Engine - INFO - [cached since 32.62s ago] (UUID('b700e723-2006-44d2-9a40-7bf9ab423644'), UUID('90260ab6-00ca-4753-a232-2443d8562aa4'), UUID('14e4a22b-8c74-4b4a-a5ca-af8bc30244f1'), UUID('180896e3-49fb-435d-8343-c69736d7dc9c'))
2026-02-13 21:13:20,821 - sqlalchemy.engine.Engine - INFO - SELECT role_1.id AS role_1_id, permission.code AS permission_code, permission.name AS permission_name, permission.description AS permission_description, permission.module AS permission_module, permission.id AS permission_id, permission.created_at AS permission_created_at, permission.updated_at AS permission_updated_at, permission.is_deleted AS permission_is_deleted, permission.deleted_at AS permission_deleted_at 
FROM role AS role_1 JOIN role_permission AS role_permission_1 ON role_1.id = role_permission_1.role_id JOIN permission ON permission.id = role_permission_1.permission_id 
WHERE role_1.id IN ($1::UUID)
2026-02-13 21:13:20,821 - sqlalchemy.engine.Engine - INFO - [cached since 32.62s ago] (UUID('68ad22a0-4dc4-4264-bfdd-e0464f07defe'),)
2026-02-13 21:13:20,821 - sqlalchemy.engine.Engine - INFO - COMMIT
2026-02-13 21:13:29,165 - sqlalchemy.engine.Engine - INFO - BEGIN (implicit)
2026-02-13 21:13:29,166 - sqlalchemy.engine.Engine - INFO - SELECT "user".username, "user".email, "user".hashed_password, "user".full_name, "user".phone, "user".avatar_url, "user".is_active, "user".is_verified, "user".last_login_at, "user".last_login_ip, "user".employee_id, "user".department, "user".position, "user".hire_date, "user".id, "user".created_at, "user".updated_at, "user".is_deleted, "user".deleted_at 
FROM "user" ORDER BY "user".created_at DESC 
 LIMIT $1::INTEGER OFFSET $2::INTEGER
2026-02-13 21:13:29,166 - sqlalchemy.engine.Engine - INFO - [cached since 39.24s ago] (100, 0)
2026-02-13 21:13:29,169 - sqlalchemy.engine.Engine - INFO - SELECT user_1.id AS user_1_id, role.name AS role_name, role.description AS role_description, role.is_system AS role_is_system, role.id AS role_id, role.created_at AS role_created_at, role.updated_at AS role_updated_at, role.is_deleted AS role_is_deleted, role.deleted_at AS role_deleted_at 
FROM "user" AS user_1 JOIN user_role AS user_role_1 ON user_1.id = user_role_1.user_id JOIN role ON role.id = user_role_1.role_id 
WHERE user_1.id IN ($1::UUID, $2::UUID, $3::UUID, $4::UUID)
2026-02-13 21:13:29,169 - sqlalchemy.engine.Engine - INFO - [cached since 40.97s ago] (UUID('b700e723-2006-44d2-9a40-7bf9ab423644'), UUID('90260ab6-00ca-4753-a232-2443d8562aa4'), UUID('14e4a22b-8c74-4b4a-a5ca-af8bc30244f1'), UUID('180896e3-49fb-435d-8343-c69736d7dc9c'))
2026-02-13 21:13:29,173 - sqlalchemy.engine.Engine - INFO - SELECT role_1.id AS role_1_id, permission.code AS permission_code, permission.name AS permission_name, permission.description AS permission_description, permission.module AS permission_module, permission.id AS permission_id, permission.created_at AS permission_created_at, permission.updated_at AS permission_updated_at, permission.is_deleted AS permission_is_deleted, permission.deleted_at AS permission_deleted_at 
FROM role AS role_1 JOIN role_permission AS role_permission_1 ON role_1.id = role_permission_1.role_id JOIN permission ON permission.id = role_permission_1.permission_id 
WHERE role_1.id IN ($1::UUID)
2026-02-13 21:13:29,174 - sqlalchemy.engine.Engine - INFO - [cached since 40.97s ago] (UUID('68ad22a0-4dc4-4264-bfdd-e0464f07defe'),)
2026-02-13 21:13:29,178 - sqlalchemy.engine.Engine - INFO - COMMIT
2026-02-13 21:13:29,551 - sqlalchemy.engine.Engine - INFO - BEGIN (implicit)
2026-02-13 21:13:29,552 - sqlalchemy.engine.Engine - INFO - SELECT "user".username, "user".email, "user".hashed_password, "user".full_name, "user".phone, "user".avatar_url, "user".is_active, "user".is_verified, "user".last_login_at, "user".last_login_ip, "user".employee_id, "user".department, "user".position, "user".hire_date, "user".id, "user".created_at, "user".updated_at, "user".is_deleted, "user".deleted_at 
FROM "user" ORDER BY "user".created_at DESC 
 LIMIT $1::INTEGER OFFSET $2::INTEGER
2026-02-13 21:13:29,552 - sqlalchemy.engine.Engine - INFO - [cached since 39.63s ago] (100, 0)
2026-02-13 21:13:29,552 - sqlalchemy.engine.Engine - INFO - SELECT user_1.id AS user_1_id, role.name AS role_name, role.description AS role_description, role.is_system AS role_is_system, role.id AS role_id, role.created_at AS role_created_at, role.updated_at AS role_updated_at, role.is_deleted AS role_is_deleted, role.deleted_at AS role_deleted_at 
FROM "user" AS user_1 JOIN user_role AS user_role_1 ON user_1.id = user_role_1.user_id JOIN role ON role.id = user_role_1.role_id 
WHERE user_1.id IN ($1::UUID, $2::UUID, $3::UUID, $4::UUID)
2026-02-13 21:13:29,552 - sqlalchemy.engine.Engine - INFO - [cached since 41.36s ago] (UUID('b700e723-2006-44d2-9a40-7bf9ab423644'), UUID('90260ab6-00ca-4753-a232-2443d8562aa4'), UUID('14e4a22b-8c74-4b4a-a5ca-af8bc30244f1'), UUID('180896e3-49fb-435d-8343-c69736d7dc9c'))
2026-02-13 21:13:29,556 - sqlalchemy.engine.Engine - INFO - SELECT role_1.id AS role_1_id, permission.code AS permission_code, permission.name AS permission_name, permission.description AS permission_description, permission.module AS permission_module, permission.id AS permission_id, permission.created_at AS permission_created_at, permission.updated_at AS permission_updated_at, permission.is_deleted AS permission_is_deleted, permission.deleted_at AS permission_deleted_at 
FROM role AS role_1 JOIN role_permission AS role_permission_1 ON role_1.id = role_permission_1.role_id JOIN permission ON permission.id = role_permission_1.permission_id 
WHERE role_1.id IN ($1::UUID)
2026-02-13 21:13:29,558 - sqlalchemy.engine.Engine - INFO - [cached since 41.35s ago] (UUID('68ad22a0-4dc4-4264-bfdd-e0464f07defe'),)
2026-02-13 21:13:29,560 - sqlalchemy.engine.Engine - INFO - COMMIT
2026-02-13 21:13:29,811 - sqlalchemy.engine.Engine - INFO - BEGIN (implicit)
2026-02-13 21:13:29,855 - sqlalchemy.engine.Engine - INFO - SELECT "user".username, "user".email, "user".hashed_password, "user".full_name, "user".phone, "user".avatar_url, "user".is_active, "user".is_verified, "user".last_login_at, "user".last_login_ip, "user".employee_id, "user".department, "user".position, "user".hire_date, "user".id, "user".created_at, "user".updated_at, "user".is_deleted, "user".deleted_at 
FROM "user" ORDER BY "user".created_at DESC 
 LIMIT $1::INTEGER OFFSET $2::INTEGER
2026-02-13 21:13:29,856 - sqlalchemy.engine.Engine - INFO - [cached since 39.94s ago] (100, 0)
2026-02-13 21:13:29,861 - sqlalchemy.engine.Engine - INFO - SELECT user_1.id AS user_1_id, role.name AS role_name, role.description AS role_description, role.is_system AS role_is_system, role.id AS role_id, role.created_at AS role_created_at, role.updated_at AS role_updated_at, role.is_deleted AS role_is_deleted, role.deleted_at AS role_deleted_at 
FROM "user" AS user_1 JOIN user_role AS user_role_1 ON user_1.id = user_role_1.user_id JOIN role ON role.id = user_role_1.role_id 
WHERE user_1.id IN ($1::UUID, $2::UUID, $3::UUID, $4::UUID)
2026-02-13 21:13:29,872 - sqlalchemy.engine.Engine - INFO - [cached since 41.67s ago] (UUID('b700e723-2006-44d2-9a40-7bf9ab423644'), UUID('90260ab6-00ca-4753-a232-2443d8562aa4'), UUID('14e4a22b-8c74-4b4a-a5ca-af8bc30244f1'), UUID('180896e3-49fb-435d-8343-c69736d7dc9c'))
2026-02-13 21:13:29,872 - sqlalchemy.engine.Engine - INFO - SELECT role_1.id AS role_1_id, permission.code AS permission_code, permission.name AS permission_name, permission.description AS permission_description, permission.module AS permission_module, permission.id AS permission_id, permission.created_at AS permission_created_at, permission.updated_at AS permission_updated_at, permission.is_deleted AS permission_is_deleted, permission.deleted_at AS permission_deleted_at 
FROM role AS role_1 JOIN role_permission AS role_permission_1 ON role_1.id = role_permission_1.role_id JOIN permission ON permission.id = role_permission_1.permission_id 
WHERE role_1.id IN ($1::UUID)
2026-02-13 21:13:29,872 - sqlalchemy.engine.Engine - INFO - [cached since 41.67s ago] (UUID('68ad22a0-4dc4-4264-bfdd-e0464f07defe'),)
2026-02-13 21:13:29,872 - sqlalchemy.engine.Engine - INFO - COMMIT
2026-02-13 21:13:29,883 - sqlalchemy.engine.Engine - INFO - BEGIN (implicit)
2026-02-13 21:13:29,884 - sqlalchemy.engine.Engine - INFO - SELECT "user".username, "user".email, "user".hashed_password, "user".full_name, "user".phone, "user".avatar_url, "user".is_active, "user".is_verified, "user".last_login_at, "user".last_login_ip, "user".employee_id, "user".department, "user".position, "user".hire_date, "user".id, "user".created_at, "user".updated_at, "user".is_deleted, "user".deleted_at 
FROM "user" ORDER BY "user".created_at DESC 
 LIMIT $1::INTEGER OFFSET $2::INTEGER
2026-02-13 21:13:29,889 - sqlalchemy.engine.Engine - INFO - [cached since 39.97s ago] (100, 0)
2026-02-13 21:13:29,892 - sqlalchemy.engine.Engine - INFO - SELECT user_1.id AS user_1_id, role.name AS role_name, role.description AS role_description, role.is_system AS role_is_system, role.id AS role_id, role.created_at AS role_created_at, role.updated_at AS role_updated_at, role.is_deleted AS role_is_deleted, role.deleted_at AS role_deleted_at 
FROM "user" AS user_1 JOIN user_role AS user_role_1 ON user_1.id = user_role_1.user_id JOIN role ON role.id = user_role_1.role_id 
WHERE user_1.id IN ($1::UUID, $2::UUID, $3::UUID, $4::UUID)
2026-02-13 21:13:29,893 - sqlalchemy.engine.Engine - INFO - [cached since 41.69s ago] (UUID('b700e723-2006-44d2-9a40-7bf9ab423644'), UUID('90260ab6-00ca-4753-a232-2443d8562aa4'), UUID('14e4a22b-8c74-4b4a-a5ca-af8bc30244f1'), UUID('180896e3-49fb-435d-8343-c69736d7dc9c'))
2026-02-13 21:13:29,895 - sqlalchemy.engine.Engine - INFO - SELECT role_1.id AS role_1_id, permission.code AS permission_code, permission.name AS permission_name, permission.description AS permission_description, permission.module AS permission_module, permission.id AS permission_id, permission.created_at AS permission_created_at, permission.updated_at AS permission_updated_at, permission.is_deleted AS permission_is_deleted, permission.deleted_at AS permission_deleted_at 
FROM role AS role_1 JOIN role_permission AS role_permission_1 ON role_1.id = role_permission_1.role_id JOIN permission ON permission.id = role_permission_1.permission_id 
WHERE role_1.id IN ($1::UUID)
2026-02-13 21:13:29,895 - sqlalchemy.engine.Engine - INFO - [cached since 41.69s ago] (UUID('68ad22a0-4dc4-4264-bfdd-e0464f07defe'),)
2026-02-13 21:13:29,895 - sqlalchemy.engine.Engine - INFO - COMMIT
2026-02-13 21:13:30,209 - sqlalchemy.engine.Engine - INFO - BEGIN (implicit)
2026-02-13 21:13:30,210 - sqlalchemy.engine.Engine - INFO - SELECT "user".username, "user".email, "user".hashed_password, "user".full_name, "user".phone, "user".avatar_url, "user".is_active, "user".is_verified, "user".last_login_at, "user".last_login_ip, "user".employee_id, "user".department, "user".position, "user".hire_date, "user".id, "user".created_at, "user".updated_at, "user".is_deleted, "user".deleted_at 
FROM "user" ORDER BY "user".created_at DESC 
 LIMIT $1::INTEGER OFFSET $2::INTEGER
2026-02-13 21:13:30,210 - sqlalchemy.engine.Engine - INFO - [cached since 40.29s ago] (100, 0)
2026-02-13 21:13:30,212 - sqlalchemy.engine.Engine - INFO - SELECT user_1.id AS user_1_id, role.name AS role_name, role.description AS role_description, role.is_system AS role_is_system, role.id AS role_id, role.created_at AS role_created_at, role.updated_at AS role_updated_at, role.is_deleted AS role_is_deleted, role.deleted_at AS role_deleted_at 
FROM "user" AS user_1 JOIN user_role AS user_role_1 ON user_1.id = user_role_1.user_id JOIN role ON role.id = user_role_1.role_id 
WHERE user_1.id IN ($1::UUID, $2::UUID, $3::UUID, $4::UUID)
2026-02-13 21:13:30,212 - sqlalchemy.engine.Engine - INFO - [cached since 42.01s ago] (UUID('b700e723-2006-44d2-9a40-7bf9ab423644'), UUID('90260ab6-00ca-4753-a232-2443d8562aa4'), UUID('14e4a22b-8c74-4b4a-a5ca-af8bc30244f1'), UUID('180896e3-49fb-435d-8343-c69736d7dc9c'))
2026-02-13 21:13:30,213 - sqlalchemy.engine.Engine - INFO - SELECT role_1.id AS role_1_id, permission.code AS permission_code, permission.name AS permission_name, permission.description AS permission_description, permission.module AS permission_module, permission.id AS permission_id, permission.created_at AS permission_created_at, permission.updated_at AS permission_updated_at, permission.is_deleted AS permission_is_deleted, permission.deleted_at AS permission_deleted_at 
FROM role AS role_1 JOIN role_permission AS role_permission_1 ON role_1.id = role_permission_1.role_id JOIN permission ON permission.id = role_permission_1.permission_id 
WHERE role_1.id IN ($1::UUID)
2026-02-13 21:13:30,214 - sqlalchemy.engine.Engine - INFO - [cached since 42.01s ago] (UUID('68ad22a0-4dc4-4264-bfdd-e0464f07defe'),)
2026-02-13 21:13:30,215 - sqlalchemy.engine.Engine - INFO - COMMIT
2026-02-13 21:13:30,461 - sqlalchemy.engine.Engine - INFO - BEGIN (implicit)
2026-02-13 21:13:30,461 - sqlalchemy.engine.Engine - INFO - SELECT "user".username, "user".email, "user".hashed_password, "user".full_name, "user".phone, "user".avatar_url, "user".is_active, "user".is_verified, "user".last_login_at, "user".last_login_ip, "user".employee_id, "user".department, "user".position, "user".hire_date, "user".id, "user".created_at, "user".updated_at, "user".is_deleted, "user".deleted_at 
FROM "user" ORDER BY "user".created_at DESC 
 LIMIT $1::INTEGER OFFSET $2::INTEGER
2026-02-13 21:13:30,461 - sqlalchemy.engine.Engine - INFO - [cached since 40.54s ago] (100, 0)
2026-02-13 21:13:30,461 - sqlalchemy.engine.Engine - INFO - SELECT user_1.id AS user_1_id, role.name AS role_name, role.description AS role_description, role.is_system AS role_is_system, role.id AS role_id, role.created_at AS role_created_at, role.updated_at AS role_updated_at, role.is_deleted AS role_is_deleted, role.deleted_at AS role_deleted_at 
FROM "user" AS user_1 JOIN user_role AS user_role_1 ON user_1.id = user_role_1.user_id JOIN role ON role.id = user_role_1.role_id 
WHERE user_1.id IN ($1::UUID, $2::UUID, $3::UUID, $4::UUID)
2026-02-13 21:13:30,461 - sqlalchemy.engine.Engine - INFO - [cached since 42.27s ago] (UUID('b700e723-2006-44d2-9a40-7bf9ab423644'), UUID('90260ab6-00ca-4753-a232-2443d8562aa4'), UUID('14e4a22b-8c74-4b4a-a5ca-af8bc30244f1'), UUID('180896e3-49fb-435d-8343-c69736d7dc9c'))
2026-02-13 21:13:30,461 - sqlalchemy.engine.Engine - INFO - SELECT role_1.id AS role_1_id, permission.code AS permission_code, permission.name AS permission_name, permission.description AS permission_description, permission.module AS permission_module, permission.id AS permission_id, permission.created_at AS permission_created_at, permission.updated_at AS permission_updated_at, permission.is_deleted AS permission_is_deleted, permission.deleted_at AS permission_deleted_at 
FROM role AS role_1 JOIN role_permission AS role_permission_1 ON role_1.id = role_permission_1.role_id JOIN permission ON permission.id = role_permission_1.permission_id 
WHERE role_1.id IN ($1::UUID)
2026-02-13 21:13:30,461 - sqlalchemy.engine.Engine - INFO - [cached since 42.26s ago] (UUID('68ad22a0-4dc4-4264-bfdd-e0464f07defe'),)
2026-02-13 21:13:30,461 - sqlalchemy.engine.Engine - INFO - COMMIT
2026-02-13 21:13:30,528 - sqlalchemy.engine.Engine - INFO - BEGIN (implicit)
2026-02-13 21:13:30,529 - sqlalchemy.engine.Engine - INFO - SELECT "user".username, "user".email, "user".hashed_password, "user".full_name, "user".phone, "user".avatar_url, "user".is_active, "user".is_verified, "user".last_login_at, "user".last_login_ip, "user".employee_id, "user".department, "user".position, "user".hire_date, "user".id, "user".created_at, "user".updated_at, "user".is_deleted, "user".deleted_at 
FROM "user" ORDER BY "user".created_at DESC 
 LIMIT $1::INTEGER OFFSET $2::INTEGER
2026-02-13 21:13:30,529 - sqlalchemy.engine.Engine - INFO - [cached since 40.61s ago] (100, 0)
2026-02-13 21:13:30,531 - sqlalchemy.engine.Engine - INFO - SELECT user_1.id AS user_1_id, role.name AS role_name, role.description AS role_description, role.is_system AS role_is_system, role.id AS role_id, role.created_at AS role_created_at, role.updated_at AS role_updated_at, role.is_deleted AS role_is_deleted, role.deleted_at AS role_deleted_at 
FROM "user" AS user_1 JOIN user_role AS user_role_1 ON user_1.id = user_role_1.user_id JOIN role ON role.id = user_role_1.role_id 
WHERE user_1.id IN ($1::UUID, $2::UUID, $3::UUID, $4::UUID)
2026-02-13 21:13:30,532 - sqlalchemy.engine.Engine - INFO - [cached since 42.33s ago] (UUID('b700e723-2006-44d2-9a40-7bf9ab423644'), UUID('90260ab6-00ca-4753-a232-2443d8562aa4'), UUID('14e4a22b-8c74-4b4a-a5ca-af8bc30244f1'), UUID('180896e3-49fb-435d-8343-c69736d7dc9c'))
2026-02-13 21:13:30,534 - sqlalchemy.engine.Engine - INFO - SELECT role_1.id AS role_1_id, permission.code AS permission_code, permission.name AS permission_name, permission.description AS permission_description, permission.module AS permission_module, permission.id AS permission_id, permission.created_at AS permission_created_at, permission.updated_at AS permission_updated_at, permission.is_deleted AS permission_is_deleted, permission.deleted_at AS permission_deleted_at 
FROM role AS role_1 JOIN role_permission AS role_permission_1 ON role_1.id = role_permission_1.role_id JOIN permission ON permission.id = role_permission_1.permission_id 
WHERE role_1.id IN ($1::UUID)
2026-02-13 21:13:30,534 - sqlalchemy.engine.Engine - INFO - [cached since 42.33s ago] (UUID('68ad22a0-4dc4-4264-bfdd-e0464f07defe'),)
2026-02-13 21:13:30,537 - sqlalchemy.engine.Engine - INFO - COMMIT
2026-02-13 21:13:30,791 - sqlalchemy.engine.Engine - INFO - BEGIN (implicit)
2026-02-13 21:13:30,791 - sqlalchemy.engine.Engine - INFO - SELECT "user".username, "user".email, "user".hashed_password, "user".full_name, "user".phone, "user".avatar_url, "user".is_active, "user".is_verified, "user".last_login_at, "user".last_login_ip, "user".employee_id, "user".department, "user".position, "user".hire_date, "user".id, "user".created_at, "user".updated_at, "user".is_deleted, "user".deleted_at 
FROM "user" 
WHERE "user".username ILIKE $1::VARCHAR OR "user".full_name ILIKE $2::VARCHAR OR "user".email ILIKE $3::VARCHAR OR "user".employee_id ILIKE $4::VARCHAR ORDER BY "user".created_at DESC 
 LIMIT $5::INTEGER OFFSET $6::INTEGER
2026-02-13 21:13:30,791 - sqlalchemy.engine.Engine - INFO - [generated in 0.00035s] ('%管理员%', '%管理员%', '%管理员%', '%管理员%', 100, 0)
2026-02-13 21:13:30,791 - sqlalchemy.engine.Engine - INFO - BEGIN (implicit)
2026-02-13 21:13:30,791 - sqlalchemy.engine.Engine - INFO - SELECT "user".username, "user".email, "user".hashed_password, "user".full_name, "user".phone, "user".avatar_url, "user".is_active, "user".is_verified, "user".last_login_at, "user".last_login_ip, "user".employee_id, "user".department, "user".position, "user".hire_date, "user".id, "user".created_at, "user".updated_at, "user".is_deleted, "user".deleted_at 
FROM "user" ORDER BY "user".created_at DESC 
 LIMIT $1::INTEGER OFFSET $2::INTEGER
2026-02-13 21:13:30,796 - sqlalchemy.engine.Engine - INFO - [cached since 40.87s ago] (100, 0)
2026-02-13 21:13:30,796 - sqlalchemy.engine.Engine - INFO - SELECT user_1.id AS user_1_id, role.name AS role_name, role.description AS role_description, role.is_system AS role_is_system, role.id AS role_id, role.created_at AS role_created_at, role.updated_at AS role_updated_at, role.is_deleted AS role_is_deleted, role.deleted_at AS role_deleted_at 
FROM "user" AS user_1 JOIN user_role AS user_role_1 ON user_1.id = user_role_1.user_id JOIN role ON role.id = user_role_1.role_id 
WHERE user_1.id IN ($1::UUID, $2::UUID, $3::UUID, $4::UUID)
2026-02-13 21:13:30,796 - sqlalchemy.engine.Engine - INFO - [cached since 42.6s ago] (UUID('b700e723-2006-44d2-9a40-7bf9ab423644'), UUID('90260ab6-00ca-4753-a232-2443d8562aa4'), UUID('14e4a22b-8c74-4b4a-a5ca-af8bc30244f1'), UUID('180896e3-49fb-435d-8343-c69736d7dc9c'))
2026-02-13 21:13:30,796 - sqlalchemy.engine.Engine - INFO - SELECT role_1.id AS role_1_id, permission.code AS permission_code, permission.name AS permission_name, permission.description AS permission_description, permission.module AS permission_module, permission.id AS permission_id, permission.created_at AS permission_created_at, permission.updated_at AS permission_updated_at, permission.is_deleted AS permission_is_deleted, permission.deleted_at AS permission_deleted_at 
FROM role AS role_1 JOIN role_permission AS role_permission_1 ON role_1.id = role_permission_1.role_id JOIN permission ON permission.id = role_permission_1.permission_id 
WHERE role_1.id IN ($1::UUID)
2026-02-13 21:13:30,799 - sqlalchemy.engine.Engine - INFO - [cached since 42.59s ago] (UUID('68ad22a0-4dc4-4264-bfdd-e0464f07defe'),)
2026-02-13 21:13:30,799 - sqlalchemy.engine.Engine - INFO - SELECT user_1.id AS user_1_id, role.name AS role_name, role.description AS role_description, role.is_system AS role_is_system, role.id AS role_id, role.created_at AS role_created_at, role.updated_at AS role_updated_at, role.is_deleted AS role_is_deleted, role.deleted_at AS role_deleted_at 
FROM "user" AS user_1 JOIN user_role AS user_role_1 ON user_1.id = user_role_1.user_id JOIN role ON role.id = user_role_1.role_id 
WHERE user_1.id IN ($1::UUID)
2026-02-13 21:13:30,799 - sqlalchemy.engine.Engine - INFO - [cached since 42.6s ago] (UUID('180896e3-49fb-435d-8343-c69736d7dc9c'),)
2026-02-13 21:13:30,801 - sqlalchemy.engine.Engine - INFO - COMMIT
2026-02-13 21:13:30,801 - sqlalchemy.engine.Engine - INFO - SELECT role_1.id AS role_1_id, permission.code AS permission_code, permission.name AS permission_name, permission.description AS permission_description, permission.module AS permission_module, permission.id AS permission_id, permission.created_at AS permission_created_at, permission.updated_at AS permission_updated_at, permission.is_deleted AS permission_is_deleted, permission.deleted_at AS permission_deleted_at 
FROM role AS role_1 JOIN role_permission AS role_permission_1 ON role_1.id = role_permission_1.role_id JOIN permission ON permission.id = role_permission_1.permission_id 
WHERE role_1.id IN ($1::UUID)
2026-02-13 21:13:30,803 - sqlalchemy.engine.Engine - INFO - [cached since 42.6s ago] (UUID('68ad22a0-4dc4-4264-bfdd-e0464f07defe'),)
2026-02-13 21:13:30,807 - sqlalchemy.engine.Engine - INFO - COMMIT
2026-02-13 21:13:30,841 - sqlalchemy.engine.Engine - INFO - BEGIN (implicit)
2026-02-13 21:13:30,841 - sqlalchemy.engine.Engine - INFO - SELECT "user".username, "user".email, "user".hashed_password, "user".full_name, "user".phone, "user".avatar_url, "user".is_active, "user".is_verified, "user".last_login_at, "user".last_login_ip, "user".employee_id, "user".department, "user".position, "user".hire_date, "user".id, "user".created_at, "user".updated_at, "user".is_deleted, "user".deleted_at 
FROM "user" ORDER BY "user".created_at DESC 
 LIMIT $1::INTEGER OFFSET $2::INTEGER
2026-02-13 21:13:30,841 - sqlalchemy.engine.Engine - INFO - [cached since 40.92s ago] (100, 0)
2026-02-13 21:13:30,849 - sqlalchemy.engine.Engine - INFO - SELECT user_1.id AS user_1_id, role.name AS role_name, role.description AS role_description, role.is_system AS role_is_system, role.id AS role_id, role.created_at AS role_created_at, role.updated_at AS role_updated_at, role.is_deleted AS role_is_deleted, role.deleted_at AS role_deleted_at 
FROM "user" AS user_1 JOIN user_role AS user_role_1 ON user_1.id = user_role_1.user_id JOIN role ON role.id = user_role_1.role_id 
WHERE user_1.id IN ($1::UUID, $2::UUID, $3::UUID, $4::UUID)
2026-02-13 21:13:30,849 - sqlalchemy.engine.Engine - INFO - [cached since 42.65s ago] (UUID('b700e723-2006-44d2-9a40-7bf9ab423644'), UUID('90260ab6-00ca-4753-a232-2443d8562aa4'), UUID('14e4a22b-8c74-4b4a-a5ca-af8bc30244f1'), UUID('180896e3-49fb-435d-8343-c69736d7dc9c'))
2026-02-13 21:13:30,851 - sqlalchemy.engine.Engine - INFO - SELECT role_1.id AS role_1_id, permission.code AS permission_code, permission.name AS permission_name, permission.description AS permission_description, permission.module AS permission_module, permission.id AS permission_id, permission.created_at AS permission_created_at, permission.updated_at AS permission_updated_at, permission.is_deleted AS permission_is_deleted, permission.deleted_at AS permission_deleted_at 
FROM role AS role_1 JOIN role_permission AS role_permission_1 ON role_1.id = role_permission_1.role_id JOIN permission ON permission.id = role_permission_1.permission_id 
WHERE role_1.id IN ($1::UUID)
2026-02-13 21:13:30,851 - sqlalchemy.engine.Engine - INFO - [cached since 42.65s ago] (UUID('68ad22a0-4dc4-4264-bfdd-e0464f07defe'),)
2026-02-13 21:13:30,851 - sqlalchemy.engine.Engine - INFO - COMMIT
2026-02-13 21:13:31,104 - sqlalchemy.engine.Engine - INFO - BEGIN (implicit)
2026-02-13 21:13:31,104 - sqlalchemy.engine.Engine - INFO - SELECT "user".username, "user".email, "user".hashed_password, "user".full_name, "user".phone, "user".avatar_url, "user".is_active, "user".is_verified, "user".last_login_at, "user".last_login_ip, "user".employee_id, "user".department, "user".position, "user".hire_date, "user".id, "user".created_at, "user".updated_at, "user".is_deleted, "user".deleted_at 
FROM "user" ORDER BY "user".created_at DESC 
 LIMIT $1::INTEGER OFFSET $2::INTEGER
2026-02-13 21:13:31,104 - sqlalchemy.engine.Engine - INFO - [cached since 41.18s ago] (100, 0)
2026-02-13 21:13:31,104 - sqlalchemy.engine.Engine - INFO - SELECT user_1.id AS user_1_id, role.name AS role_name, role.description AS role_description, role.is_system AS role_is_system, role.id AS role_id, role.created_at AS role_created_at, role.updated_at AS role_updated_at, role.is_deleted AS role_is_deleted, role.deleted_at AS role_deleted_at 
FROM "user" AS user_1 JOIN user_role AS user_role_1 ON user_1.id = user_role_1.user_id JOIN role ON role.id = user_role_1.role_id 
WHERE user_1.id IN ($1::UUID, $2::UUID, $3::UUID, $4::UUID)
2026-02-13 21:13:31,104 - sqlalchemy.engine.Engine - INFO - [cached since 42.91s ago] (UUID('b700e723-2006-44d2-9a40-7bf9ab423644'), UUID('90260ab6-00ca-4753-a232-2443d8562aa4'), UUID('14e4a22b-8c74-4b4a-a5ca-af8bc30244f1'), UUID('180896e3-49fb-435d-8343-c69736d7dc9c'))
2026-02-13 21:13:31,104 - sqlalchemy.engine.Engine - INFO - SELECT role_1.id AS role_1_id, permission.code AS permission_code, permission.name AS permission_name, permission.description AS permission_description, permission.module AS permission_module, permission.id AS permission_id, permission.created_at AS permission_created_at, permission.updated_at AS permission_updated_at, permission.is_deleted AS permission_is_deleted, permission.deleted_at AS permission_deleted_at 
FROM role AS role_1 JOIN role_permission AS role_permission_1 ON role_1.id = role_permission_1.role_id JOIN permission ON permission.id = role_permission_1.permission_id 
WHERE role_1.id IN ($1::UUID)
2026-02-13 21:13:31,104 - sqlalchemy.engine.Engine - INFO - [cached since 42.91s ago] (UUID('68ad22a0-4dc4-4264-bfdd-e0464f07defe'),)
2026-02-13 21:13:31,111 - sqlalchemy.engine.Engine - INFO - COMMIT
2026-02-13 21:13:31,171 - sqlalchemy.engine.Engine - INFO - BEGIN (implicit)
2026-02-13 21:13:31,173 - sqlalchemy.engine.Engine - INFO - SELECT "user".username, "user".email, "user".hashed_password, "user".full_name, "user".phone, "user".avatar_url, "user".is_active, "user".is_verified, "user".last_login_at, "user".last_login_ip, "user".employee_id, "user".department, "user".position, "user".hire_date, "user".id, "user".created_at, "user".updated_at, "user".is_deleted, "user".deleted_at 
FROM "user" ORDER BY "user".created_at DESC 
 LIMIT $1::INTEGER OFFSET $2::INTEGER
2026-02-13 21:13:31,173 - sqlalchemy.engine.Engine - INFO - [cached since 41.25s ago] (100, 0)
2026-02-13 21:13:31,174 - sqlalchemy.engine.Engine - INFO - SELECT user_1.id AS user_1_id, role.name AS role_name, role.description AS role_description, role.is_system AS role_is_system, role.id AS role_id, role.created_at AS role_created_at, role.updated_at AS role_updated_at, role.is_deleted AS role_is_deleted, role.deleted_at AS role_deleted_at 
FROM "user" AS user_1 JOIN user_role AS user_role_1 ON user_1.id = user_role_1.user_id JOIN role ON role.id = user_role_1.role_id 
WHERE user_1.id IN ($1::UUID, $2::UUID, $3::UUID, $4::UUID)
2026-02-13 21:13:31,175 - sqlalchemy.engine.Engine - INFO - [cached since 42.98s ago] (UUID('b700e723-2006-44d2-9a40-7bf9ab423644'), UUID('90260ab6-00ca-4753-a232-2443d8562aa4'), UUID('14e4a22b-8c74-4b4a-a5ca-af8bc30244f1'), UUID('180896e3-49fb-435d-8343-c69736d7dc9c'))
2026-02-13 21:13:31,176 - sqlalchemy.engine.Engine - INFO - SELECT role_1.id AS role_1_id, permission.code AS permission_code, permission.name AS permission_name, permission.description AS permission_description, permission.module AS permission_module, permission.id AS permission_id, permission.created_at AS permission_created_at, permission.updated_at AS permission_updated_at, permission.is_deleted AS permission_is_deleted, permission.deleted_at AS permission_deleted_at 
FROM role AS role_1 JOIN role_permission AS role_permission_1 ON role_1.id = role_permission_1.role_id JOIN permission ON permission.id = role_permission_1.permission_id 
WHERE role_1.id IN ($1::UUID)
2026-02-13 21:13:31,176 - sqlalchemy.engine.Engine - INFO - [cached since 42.97s ago] (UUID('68ad22a0-4dc4-4264-bfdd-e0464f07defe'),)
2026-02-13 21:13:31,178 - sqlalchemy.engine.Engine - INFO - COMMIT
2026-02-13 21:13:40,473 - sqlalchemy.engine.Engine - INFO - BEGIN (implicit)
2026-02-13 21:13:40,473 - sqlalchemy.engine.Engine - INFO - SELECT "user".username, "user".email, "user".hashed_password, "user".full_name, "user".phone, "user".avatar_url, "user".is_active, "user".is_verified, "user".last_login_at, "user".last_login_ip, "user".employee_id, "user".department, "user".position, "user".hire_date, "user".id, "user".created_at, "user".updated_at, "user".is_deleted, "user".deleted_at 
FROM "user" 
WHERE "user".username ILIKE $1::VARCHAR OR "user".full_name ILIKE $2::VARCHAR OR "user".email ILIKE $3::VARCHAR OR "user".employee_id ILIKE $4::VARCHAR ORDER BY "user".created_at DESC 
 LIMIT $5::INTEGER OFFSET $6::INTEGER
2026-02-13 21:13:40,473 - sqlalchemy.engine.Engine - INFO - [cached since 9.683s ago] ('%管理%', '%管理%', '%管理%', '%管理%', 100, 0)
2026-02-13 21:13:40,480 - sqlalchemy.engine.Engine - INFO - SELECT user_1.id AS user_1_id, role.name AS role_name, role.description AS role_description, role.is_system AS role_is_system, role.id AS role_id, role.created_at AS role_created_at, role.updated_at AS role_updated_at, role.is_deleted AS role_is_deleted, role.deleted_at AS role_deleted_at 
FROM "user" AS user_1 JOIN user_role AS user_role_1 ON user_1.id = user_role_1.user_id JOIN role ON role.id = user_role_1.role_id 
WHERE user_1.id IN ($1::UUID)
2026-02-13 21:13:40,481 - sqlalchemy.engine.Engine - INFO - [cached since 52.28s ago] (UUID('180896e3-49fb-435d-8343-c69736d7dc9c'),)
2026-02-13 21:13:40,482 - sqlalchemy.engine.Engine - INFO - SELECT role_1.id AS role_1_id, permission.code AS permission_code, permission.name AS permission_name, permission.description AS permission_description, permission.module AS permission_module, permission.id AS permission_id, permission.created_at AS permission_created_at, permission.updated_at AS permission_updated_at, permission.is_deleted AS permission_is_deleted, permission.deleted_at AS permission_deleted_at 
FROM role AS role_1 JOIN role_permission AS role_permission_1 ON role_1.id = role_permission_1.role_id JOIN permission ON permission.id = role_permission_1.permission_id 
WHERE role_1.id IN ($1::UUID)
2026-02-13 21:13:40,482 - sqlalchemy.engine.Engine - INFO - [cached since 52.28s ago] (UUID('68ad22a0-4dc4-4264-bfdd-e0464f07defe'),)
2026-02-13 21:13:40,482 - sqlalchemy.engine.Engine - INFO - COMMIT
2026-02-13 21:13:40,914 - sqlalchemy.engine.Engine - INFO - BEGIN (implicit)
2026-02-13 21:13:40,918 - sqlalchemy.engine.Engine - INFO - SELECT "user".username, "user".email, "user".hashed_password, "user".full_name, "user".phone, "user".avatar_url, "user".is_active, "user".is_verified, "user".last_login_at, "user".last_login_ip, "user".employee_id, "user".department, "user".position, "user".hire_date, "user".id, "user".created_at, "user".updated_at, "user".is_deleted, "user".deleted_at 
FROM "user" 
WHERE "user".username ILIKE $1::VARCHAR OR "user".full_name ILIKE $2::VARCHAR OR "user".email ILIKE $3::VARCHAR OR "user".employee_id ILIKE $4::VARCHAR ORDER BY "user".created_at DESC 
 LIMIT $5::INTEGER OFFSET $6::INTEGER
2026-02-13 21:13:40,918 - sqlalchemy.engine.Engine - INFO - [cached since 10.12s ago] ('%管%', '%管%', '%管%', '%管%', 100, 0)
2026-02-13 21:13:40,921 - sqlalchemy.engine.Engine - INFO - SELECT user_1.id AS user_1_id, role.name AS role_name, role.description AS role_description, role.is_system AS role_is_system, role.id AS role_id, role.created_at AS role_created_at, role.updated_at AS role_updated_at, role.is_deleted AS role_is_deleted, role.deleted_at AS role_deleted_at 
FROM "user" AS user_1 JOIN user_role AS user_role_1 ON user_1.id = user_role_1.user_id JOIN role ON role.id = user_role_1.role_id 
WHERE user_1.id IN ($1::UUID)
2026-02-13 21:13:40,921 - sqlalchemy.engine.Engine - INFO - [cached since 52.72s ago] (UUID('180896e3-49fb-435d-8343-c69736d7dc9c'),)
2026-02-13 21:13:40,921 - sqlalchemy.engine.Engine - INFO - SELECT role_1.id AS role_1_id, permission.code AS permission_code, permission.name AS permission_name, permission.description AS permission_description, permission.module AS permission_module, permission.id AS permission_id, permission.created_at AS permission_created_at, permission.updated_at AS permission_updated_at, permission.is_deleted AS permission_is_deleted, permission.deleted_at AS permission_deleted_at 
FROM role AS role_1 JOIN role_permission AS role_permission_1 ON role_1.id = role_permission_1.role_id JOIN permission ON permission.id = role_permission_1.permission_id 
WHERE role_1.id IN ($1::UUID)
2026-02-13 21:13:40,921 - sqlalchemy.engine.Engine - INFO - [cached since 52.72s ago] (UUID('68ad22a0-4dc4-4264-bfdd-e0464f07defe'),)
2026-02-13 21:13:40,921 - sqlalchemy.engine.Engine - INFO - COMMIT
2026-02-13 21:13:41,031 - sqlalchemy.engine.Engine - INFO - BEGIN (implicit)
2026-02-13 21:13:41,031 - sqlalchemy.engine.Engine - INFO - SELECT "user".username, "user".email, "user".hashed_password, "user".full_name, "user".phone, "user".avatar_url, "user".is_active, "user".is_verified, "user".last_login_at, "user".last_login_ip, "user".employee_id, "user".department, "user".position, "user".hire_date, "user".id, "user".created_at, "user".updated_at, "user".is_deleted, "user".deleted_at 
FROM "user" ORDER BY "user".created_at DESC 
 LIMIT $1::INTEGER OFFSET $2::INTEGER
2026-02-13 21:13:41,033 - sqlalchemy.engine.Engine - INFO - [cached since 51.11s ago] (100, 0)
2026-02-13 21:13:41,033 - sqlalchemy.engine.Engine - INFO - SELECT user_1.id AS user_1_id, role.name AS role_name, role.description AS role_description, role.is_system AS role_is_system, role.id AS role_id, role.created_at AS role_created_at, role.updated_at AS role_updated_at, role.is_deleted AS role_is_deleted, role.deleted_at AS role_deleted_at 
FROM "user" AS user_1 JOIN user_role AS user_role_1 ON user_1.id = user_role_1.user_id JOIN role ON role.id = user_role_1.role_id 
WHERE user_1.id IN ($1::UUID, $2::UUID, $3::UUID, $4::UUID)
2026-02-13 21:13:41,033 - sqlalchemy.engine.Engine - INFO - [cached since 52.84s ago] (UUID('b700e723-2006-44d2-9a40-7bf9ab423644'), UUID('90260ab6-00ca-4753-a232-2443d8562aa4'), UUID('14e4a22b-8c74-4b4a-a5ca-af8bc30244f1'), UUID('180896e3-49fb-435d-8343-c69736d7dc9c'))
2026-02-13 21:13:41,033 - sqlalchemy.engine.Engine - INFO - SELECT role_1.id AS role_1_id, permission.code AS permission_code, permission.name AS permission_name, permission.description AS permission_description, permission.module AS permission_module, permission.id AS permission_id, permission.created_at AS permission_created_at, permission.updated_at AS permission_updated_at, permission.is_deleted AS permission_is_deleted, permission.deleted_at AS permission_deleted_at 
FROM role AS role_1 JOIN role_permission AS role_permission_1 ON role_1.id = role_permission_1.role_id JOIN permission ON permission.id = role_permission_1.permission_id 
WHERE role_1.id IN ($1::UUID)
2026-02-13 21:13:41,033 - sqlalchemy.engine.Engine - INFO - [cached since 52.83s ago] (UUID('68ad22a0-4dc4-4264-bfdd-e0464f07defe'),)
2026-02-13 21:13:41,033 - sqlalchemy.engine.Engine - INFO - COMMIT
2026-02-13 21:14:51,764 - sqlalchemy.engine.Engine - INFO - BEGIN (implicit)
2026-02-13 21:14:51,771 - sqlalchemy.engine.Engine - INFO - SELECT "user".username, "user".email, "user".hashed_password, "user".full_name, "user".phone, "user".avatar_url, "user".is_active, "user".is_verified, "user".last_login_at, "user".last_login_ip, "user".employee_id, "user".department, "user".position, "user".hire_date, "user".id, "user".created_at, "user".updated_at, "user".is_deleted, "user".deleted_at 
FROM "user" 
WHERE "user".is_active = true ORDER BY "user".created_at DESC 
 LIMIT $1::INTEGER OFFSET $2::INTEGER
2026-02-13 21:14:51,771 - sqlalchemy.engine.Engine - INFO - [generated in 0.00067s] (100, 0)
2026-02-13 21:14:51,771 - sqlalchemy.engine.Engine - INFO - SELECT user_1.id AS user_1_id, role.name AS role_name, role.description AS role_description, role.is_system AS role_is_system, role.id AS role_id, role.created_at AS role_created_at, role.updated_at AS role_updated_at, role.is_deleted AS role_is_deleted, role.deleted_at AS role_deleted_at 
FROM "user" AS user_1 JOIN user_role AS user_role_1 ON user_1.id = user_role_1.user_id JOIN role ON role.id = user_role_1.role_id 
WHERE user_1.id IN ($1::UUID, $2::UUID, $3::UUID, $4::UUID)
2026-02-13 21:14:51,771 - sqlalchemy.engine.Engine - INFO - [cached since 123.6s ago] (UUID('b700e723-2006-44d2-9a40-7bf9ab423644'), UUID('90260ab6-00ca-4753-a232-2443d8562aa4'), UUID('14e4a22b-8c74-4b4a-a5ca-af8bc30244f1'), UUID('180896e3-49fb-435d-8343-c69736d7dc9c'))
2026-02-13 21:14:51,771 - sqlalchemy.engine.Engine - INFO - SELECT role_1.id AS role_1_id, permission.code AS permission_code, permission.name AS permission_name, permission.description AS permission_description, permission.module AS permission_module, permission.id AS permission_id, permission.created_at AS permission_created_at, permission.updated_at AS permission_updated_at, permission.is_deleted AS permission_is_deleted, permission.deleted_at AS permission_deleted_at 
FROM role AS role_1 JOIN role_permission AS role_permission_1 ON role_1.id = role_permission_1.role_id JOIN permission ON permission.id = role_permission_1.permission_id 
WHERE role_1.id IN ($1::UUID)
2026-02-13 21:14:51,771 - sqlalchemy.engine.Engine - INFO - [cached since 123.6s ago] (UUID('68ad22a0-4dc4-4264-bfdd-e0464f07defe'),)
2026-02-13 21:14:51,771 - sqlalchemy.engine.Engine - INFO - COMMIT
2026-02-13 21:14:55,728 - sqlalchemy.engine.Engine - INFO - BEGIN (implicit)
2026-02-13 21:14:55,728 - sqlalchemy.engine.Engine - INFO - SELECT "user".username, "user".email, "user".hashed_password, "user".full_name, "user".phone, "user".avatar_url, "user".is_active, "user".is_verified, "user".last_login_at, "user".last_login_ip, "user".employee_id, "user".department, "user".position, "user".hire_date, "user".id, "user".created_at, "user".updated_at, "user".is_deleted, "user".deleted_at 
FROM "user" ORDER BY "user".created_at DESC 
 LIMIT $1::INTEGER OFFSET $2::INTEGER
2026-02-13 21:14:55,728 - sqlalchemy.engine.Engine - INFO - [cached since 125.8s ago] (100, 0)
2026-02-13 21:14:55,731 - sqlalchemy.engine.Engine - INFO - SELECT user_1.id AS user_1_id, role.name AS role_name, role.description AS role_description, role.is_system AS role_is_system, role.id AS role_id, role.created_at AS role_created_at, role.updated_at AS role_updated_at, role.is_deleted AS role_is_deleted, role.deleted_at AS role_deleted_at 
FROM "user" AS user_1 JOIN user_role AS user_role_1 ON user_1.id = user_role_1.user_id JOIN role ON role.id = user_role_1.role_id 
WHERE user_1.id IN ($1::UUID, $2::UUID, $3::UUID, $4::UUID)
2026-02-13 21:14:55,731 - sqlalchemy.engine.Engine - INFO - [cached since 127.5s ago] (UUID('b700e723-2006-44d2-9a40-7bf9ab423644'), UUID('90260ab6-00ca-4753-a232-2443d8562aa4'), UUID('14e4a22b-8c74-4b4a-a5ca-af8bc30244f1'), UUID('180896e3-49fb-435d-8343-c69736d7dc9c'))
2026-02-13 21:14:55,733 - sqlalchemy.engine.Engine - INFO - SELECT role_1.id AS role_1_id, permission.code AS permission_code, permission.name AS permission_name, permission.description AS permission_description, permission.module AS permission_module, permission.id AS permission_id, permission.created_at AS permission_created_at, permission.updated_at AS permission_updated_at, permission.is_deleted AS permission_is_deleted, permission.deleted_at AS permission_deleted_at 
FROM role AS role_1 JOIN role_permission AS role_permission_1 ON role_1.id = role_permission_1.role_id JOIN permission ON permission.id = role_permission_1.permission_id 
WHERE role_1.id IN ($1::UUID)
2026-02-13 21:14:55,733 - sqlalchemy.engine.Engine - INFO - [cached since 127.5s ago] (UUID('68ad22a0-4dc4-4264-bfdd-e0464f07defe'),)
2026-02-13 21:14:55,735 - sqlalchemy.engine.Engine - INFO - COMMIT
2026-02-13 21:14:59,857 - sqlalchemy.engine.Engine - INFO - BEGIN (implicit)
2026-02-13 21:14:59,857 - sqlalchemy.engine.Engine - INFO - SELECT "user".username, "user".email, "user".hashed_password, "user".full_name, "user".phone, "user".avatar_url, "user".is_active, "user".is_verified, "user".last_login_at, "user".last_login_ip, "user".employee_id, "user".department, "user".position, "user".hire_date, "user".id, "user".created_at, "user".updated_at, "user".is_deleted, "user".deleted_at 
FROM "user" ORDER BY "user".created_at DESC 
 LIMIT $1::INTEGER OFFSET $2::INTEGER
2026-02-13 21:14:59,857 - sqlalchemy.engine.Engine - INFO - [cached since 129.9s ago] (100, 0)
2026-02-13 21:14:59,861 - sqlalchemy.engine.Engine - INFO - SELECT user_1.id AS user_1_id, role.name AS role_name, role.description AS role_description, role.is_system AS role_is_system, role.id AS role_id, role.created_at AS role_created_at, role.updated_at AS role_updated_at, role.is_deleted AS role_is_deleted, role.deleted_at AS role_deleted_at 
FROM "user" AS user_1 JOIN user_role AS user_role_1 ON user_1.id = user_role_1.user_id JOIN role ON role.id = user_role_1.role_id 
WHERE user_1.id IN ($1::UUID, $2::UUID, $3::UUID, $4::UUID)
2026-02-13 21:14:59,861 - sqlalchemy.engine.Engine - INFO - [cached since 131.7s ago] (UUID('b700e723-2006-44d2-9a40-7bf9ab423644'), UUID('90260ab6-00ca-4753-a232-2443d8562aa4'), UUID('14e4a22b-8c74-4b4a-a5ca-af8bc30244f1'), UUID('180896e3-49fb-435d-8343-c69736d7dc9c'))
2026-02-13 21:14:59,861 - sqlalchemy.engine.Engine - INFO - SELECT role_1.id AS role_1_id, permission.code AS permission_code, permission.name AS permission_name, permission.description AS permission_description, permission.module AS permission_module, permission.id AS permission_id, permission.created_at AS permission_created_at, permission.updated_at AS permission_updated_at, permission.is_deleted AS permission_is_deleted, permission.deleted_at AS permission_deleted_at 
FROM role AS role_1 JOIN role_permission AS role_permission_1 ON role_1.id = role_permission_1.role_id JOIN permission ON permission.id = role_permission_1.permission_id 
WHERE role_1.id IN ($1::UUID)
2026-02-13 21:14:59,861 - sqlalchemy.engine.Engine - INFO - [cached since 131.7s ago] (UUID('68ad22a0-4dc4-4264-bfdd-e0464f07defe'),)
2026-02-13 21:14:59,864 - sqlalchemy.engine.Engine - INFO - COMMIT
2026-02-13 21:15:42,276 - app.main - INFO - 关闭应用...
2026-02-13 21:15:42,276 - app.main - INFO - 数据库连接已关闭
